// Jest Snapshot v1, https://goo.gl/fbAQLP

exports[`Switch test case Should render correctly 1`] = `
<div>
  <div
    class="chakra-form-control css-70qvj9"
    role="group"
  >
    <label
      class="chakra-switch css-16pgy8f"
    >
      <input
        aria-disabled="false"
        aria-invalid="false"
        class="chakra-switch__input"
        id="remember-me"
        style="border: 0px; clip: rect(0px, 0px, 0px, 0px); height: 1px; width: 1px; margin: -1px; padding: 0px; overflow: hidden; white-space: nowrap; position: absolute;"
        type="checkbox"
        value=""
      />
      <span
        aria-hidden="true"
        class="chakra-switch__track css-14qxnv8"
      >
        <span
          class="chakra-switch__thumb css-0"
        />
      </span>
    </label>
    <label
      class="chakra-form__label css-evtg1u"
      for="remember-me"
      id="field-:r0:-label"
    >
      Remember me
    </label>
  </div>
</div>
`;
