// Jest Snapshot v1, https://goo.gl/fbAQLP

exports[`AuthorCell component should match with snapshot 1`] = `
<div>
  <table
    class="chakra-table css-0"
  >
    <td
      class="css-1ydvgvr"
    >
      <div
        class="css-fktblz"
      >
        <div
          class="css-xax5g4"
        >
          <img
            alt="shoe"
            class="chakra-image css-15sm3g6"
            src="undefined"
          />
        </div>
        <div
          class="chakra-stack css-1c1uyy8"
        >
          <h2
            class="chakra-heading css-1w375qn"
          >
            shoe
          </h2>
          <p
            class="chakra-text css-1psuzhf"
          />
        </div>
      </div>
    </td>
  </table>
</div>
`;
